00000000 a *ABS*
33f00000 T ResetEntryPoint
33f00000 T _start
33f00004 t UndefEntryPoint
33f00008 t SWIEntryPoint
33f0000c t PrefetchAbortEnteryPoint
33f00010 t DataAbortEntryPoint
33f00014 t NotUsedEntryPoint
33f00018 t IRQEntryPoint
33f0001c t FIQEntryPoint
33f00038 t Reset
33f000f0 t on_the_ram
33f00104 t WakeupStart
33f00138 t SleepRamProc
33f00178 T memsetup
33f0019c t copy_myself
33f00208 t ok_nand_read
33f00214 t go_next
33f00230 t notmatch
33f00234 t done_nand_read
33f00238 t mem_clear
33f00258 t clear_loop
33f00268 t InitUART
33f002a8 t HandleUndef
33f002ac t HandleSWI
33f002b0 t HandlePrefetchAbort
33f002b4 t HandleDataAbort
33f002b8 t HandleIRQ
33f002bc t HandleFIQ
33f002c0 t HandleNotUsed
33f002d0 t mem_cfg_val
33f00310 t clock_locktime
33f00314 t mpll_50mhz
33f00318 t mpll_200mhz
33f0031c t clock_clkcon
33f00320 t clock_clkdivn
33f00324 t uart_ulcon
33f00328 t uart_ucon
33f0032c t uart_ufcon
33f00330 t uart_umcon
33f00334 t gpio_con_uart
33f00338 t gpio_up_uart
33f0033c t DW_STACK_START
33f00340 t SerBase
33f00350 t PMCTL0_ADDR
33f00354 t PMCTL1_ADDR
33f00358 t PMST_ADDR
33f0035c t PMSR0_ADDR
33f00360 t REFR_ADDR
33f00380 t gcc2_compiled.
33f00380 T nand_read_ll
33f0047c T wait_idle
33f004ac T cache_clean_invalidate
33f004ac t gcc2_compiled.
33f004d8 T tlb_invalidate
33f004e8 T mmu_init
33f00530 T mem_map_nand_boot
33f005bc T mem_map_init
33f005d0 t gcc2_compiled.
33f005d0 t set_cpu_clk
33f00658 t get_bus_clk
33f0071c t print_cpu_info
33f0085c t change_baudrate
33f008d0 T change_sys_clks
33f00918 T change_uart_baudrate
33f0092c T get_clock_tick_rate
33f00988 t time_wait
33f00aa4 t time_delay
33f00ad8 T arch_udelay
33f00ae0 T arch_mdelay
33f00ae8 T init_time
33f00af8 T processor_reset
33f00b30 T command_reset
33f00b80 t display_cpu_help
33f00bc4 t command_cpu
33f00cc8 t gcc2_compiled.
33f00cc8 T set_vpp
33f00ccc T set_gpios
33f00e04 T board_init
33f00e18 T misc
33f00e40 t gcc2_compiled.
33f00e40 T vivi_shell
33f00e44 T run_autoboot
33f00e80 t error
33f00ea8 T boot_or_vivi
33f00f44 T main
33f00fec T call_linux
33f00fec t gcc2_compiled.
33f00fec t gcc2_compiled.
33f01040 t setup_linux_param
33f010d8 T boot_kernel
33f012b8 T command_boot
33f01658 t gcc2_compiled.
33f01658 T heap_init
33f016bc t compact_heap
33f016c4 T mmalloc
33f017d0 T mfree
33f017f8 T clear_mem
33f017f8 t gcc2_compiled.
33f0183c T find_dram_size
33f018f8 T probe_dram_size
33f0193c T mem_compare
33f019c8 t mem_copy
33f01a04 t search_value
33f01a60 T print_mem_map
33f01b38 T print_mem_ctrl_regs
33f01cbc t mem_info
33f01ce8 t command_mem_info
33f01cec t command_mem_set_regs
33f01cf0 T command_mem_copy
33f01dc4 T command_mem_compare
33f01eac T command_search
33f01fb0 T command_size
33f01fb4 T command_mem
33f02108 t gcc2_compiled.
33f02108 T parseargs
33f0223c T unparseargs
33f022a0 T add_command
33f022f8 T find_cmd
33f02360 T execcmd
33f023c4 T exec_string
33f02430 T execsubcmd
33f024b8 T print_usage
33f02538 T invalid_cmd
33f0257c T command_help
33f02644 T command_dump
33f02694 T init_builtin_cmds
33f0275c t call
33f0275c t gcc2_compiled.
33f02800 t jump
33f02838 t go
33f0290c T exec
33f02b1c T command_call
33f02b24 T command_go
33f02b2c t gcc2_compiled.
33f02b2c t gcc2_compiled.
33f02b2c t skip_atoi
33f02b98 T strnlen
33f02bd8 t number
33f02f64 T vsnprintf
33f036f4 T printk
33f03774 t gcc2_compiled.
33f03774 T hex_dump
33f03914 T bsd_sum_memory
33f03968 T progress_bar
33f03a7c T print_banner
33f03af0 T print_cap
33f03b68 T print_disk_size
33f03c04 t gcc2_compiled.
33f03c04 t modem_is
33f03c8c t download_file
33f03d30 T command_load
33f03fb8 t gcc2_compiled.
33f03fb8 T u32todecimal
33f04060 T binarytohex
33f040f0 T strtoul
33f041c4 T putnstr
33f04208 T putstr
33f04224 T putstr_hex
33f04278 t gcc2_compiled.
33f04278 T udelay
33f0427c T mdelay
33f04280 T do_getc_with_timeout
33f04280 t gcc2_compiled.
33f042d8 T do_getc
33f043cc T getc
33f043fc T putc
33f04428 T awaitkey
33f04448 t gcc2_compiled.
33f04448 t hist_init
33f044e4 t cread_add_to_hist
33f0456c t hist_prev
33f045f0 t hist_next
33f04688 t cread_add_char
33f04774 t cread_line
33f04834 T getcmd
33f0488c t gcc2_compiled.
33f0488c T serial_term
33f048ec T bufputs
33f048ec t gcc2_compiled.
33f0495c T reset_debugbuf
33f0499c T xmodem_receive
33f04bd8 T get_record
33f04ce8 T get_byte
33f04e14 T find_erase_size
33f04e14 t gcc2_compiled.
33f05000 t do_format_jffs2
33f0509c t nor_unlock
33f0511c t nor_lock
33f0519c t nor_erase
33f05204 t nor_write
33f052bc t nor_verify
33f0535c t write_to_nor
33f05560 t write_to_nand
33f056f0 T write_to_flash
33f057b0 t command_erase
33f05900 t command_lock
33f059dc t command_unlock
33f05ab8 t command_info
33f05b50 t command_help
33f05b80 T command_flash
33f05c04 T mtd_dev_init
33f05c10 t gcc2_compiled.
33f05c10 t smc_hwcontrol
33f05c68 t write_cmd
33f05c7c t write_addr
33f05c90 t read_data
33f05ca4 t write_data
33f05cb8 t wait_for_ready
33f05cec t smc_init
33f05e68 T mtd_init
33f05e9c T smc_insert
33f05f14 t gcc2_compiled.
33f05f14 t nand_trans_result
33f05fcc T nand_calculate_ecc
33f0607c T nand_correct_data
33f06230 t gcc2_compiled.
33f06230 t nand_command
33f063a0 t nand_read
33f065a0 t nand_read_ecc
33f068a8 t nand_read_oob
33f0696c t nand_write
33f06cd8 t nand_write_ecc
33f06f40 t nand_write_oob
33f070c4 t nand_erase
33f07254 T smc_scan
33f07490 T smc_read_ecc_512
33f075a0 t gcc2_compiled.
33f075a0 t mark_bad
33f075f0 t is_bad_block
33f076dc T check_bad_block
33f078dc t calc_ecc
33f078ec t write_oob
33f07988 t write_block
33f07a3c T write_bon_image
33f07d20 T read_bon_partition
33f07f0c T read_size
33f07fa4 T read_flag
33f07ff4 T write_partition
33f082c0 T write_partition_table
33f08440 T display_partition_table
33f08570 t display_help
33f085b4 t command_part
33f08734 T command_bon
33f087b4 t gcc2_compiled.
33f087b4 T get_default_mtd_partition
33f08864 T get_default_param_tlb
33f0890c T get_default_linux_cmd
33f0897c T save_priv_data_blk
33f089f0 T read_saved_priv_data_blk
33f08a48 T load_saved_priv_data
33f08b50 T init_priv_data
33f08c10 t gcc2_compiled.
33f08c10 T get_param
33f08c9c T get_param_value
33f08cc8 T set_param_value
33f08cec T display_param_tlb
33f08db4 T get_linux_cmd_line
33f08e08 T set_linux_cmd_line
33f08e48 T command_param
33f08ea4 t command_help
33f08ed4 t command_set
33f0901c t command_reset_tlb
33f09064 t command_show
33f09068 t command_save
33f090d4 t gcc2_compiled.
33f090d4 T get_mtd_partition
33f09170 T find_mtd_partition
33f091d8 T add_mtd_partition
33f09238 T del_mtd_partition
33f09328 T reset_mtd_partition
33f09334 T display_mtd_partition
33f09408 t parse_flags
33f094fc t command_add
33f09624 t command_del
33f0969c t command_reset
33f096dc t command_save
33f0971c t command_show
33f0975c t command_help
33f0978c T command_part
33f097e4 T __ashrdi3
33f097e4 t gcc2_compiled.
33f0981c T __divsi3
33f09844 t Loop1
33f09858 t Lbignum
33f0986c t Loop3
33f098ac t Lgot_result
33f098bc t Ldiv0
33f098cc T __div0
33f098e8 T __modsi3
33f0990c t Loop1
33f09920 t Lbignum
33f09934 t Loop3
33f09998 t Lgot_result
33f099a8 t Ldiv0
33f099b8 T __udivsi3
33f099d0 t Loop1
33f099e4 t Lbignum
33f099f8 t Loop3
33f09a38 t Lgot_result
33f09a40 t Ldiv0
33f09a50 T __umodsi3
33f09a64 t Loop1
33f09a78 t Lbignum
33f09a8c t Loop3
33f09af4 t Ldiv0
33f09b04 T strcat
33f09b38 W index
33f09b38 T strchr
33f09c20 T strcmp
33f09c58 T strcpy
33f09c80 T strlen	/tmp/cross/src/glibc-2.2.3/string/../sysdeps/generic/strcpy.c:49
33f09ca8 t Laligned	/tmp/cross/src/glibc-2.2.3/string/../sysdeps/generic/strcpy.c:49
33f09cc4 t Llastword	/tmp/cross/src/glibc-2.2.3/string/../sysdeps/generic/strcpy.c:49
33f09ce0 T strncmp
33f09dd0 T strncpy
33f09ea8 T memmove
33f09ff0 T memset	/tmp/cross/src/glibc-2.2.3/string/../sysdeps/generic/memmove.c:108
33f0a090 T memcpy
33f0a134 T _wordcopy_fwd_aligned
33f0a23c T _wordcopy_fwd_dest_aligned
33f0a324 T _wordcopy_bwd_aligned
33f0a448 T _wordcopy_bwd_dest_aligned
33f0a538 d mmu_tlb_base	/tmp/cross/src/glibc-2.2.3/string/../sysdeps/generic/wordcopy.c:412
33f0a53c D s3c2410_clks	/tmp/cross/src/glibc-2.2.3/string/../sysdeps/generic/wordcopy.c:412
33f0a6ec D reset_cmd	/tmp/cross/src/glibc-2.2.3/string/../sysdeps/generic/wordcopy.c:412
33f0a6fc D cpu_cmd	/tmp/cross/src/glibc-2.2.3/string/../sysdeps/generic/wordcopy.c:412
33f0a70c D default_mtd_partitions	/tmp/cross/src/glibc-2.2.3/string/../sysdeps/generic/wordcopy.c:412
33f0a77c D default_nb_part	/tmp/cross/src/glibc-2.2.3/string/../sysdeps/generic/wordcopy.c:412
33f0a780 D default_vivi_parameters	/tmp/cross/src/glibc-2.2.3/string/../sysdeps/generic/wordcopy.c:412
33f0a8a0 D default_nb_params	/tmp/cross/src/glibc-2.2.3/string/../sysdeps/generic/wordcopy.c:412
33f0a8a4 D linux_cmd	/tmp/cross/src/glibc-2.2.3/string/../sysdeps/generic/wordcopy.c:412
33f0a8dc D vivi_banner	/tmp/cross/src/glibc-2.2.3/string/../sysdeps/generic/wordcopy.c:412
33f0a8e0 D boot_cmd	/tmp/cross/src/glibc-2.2.3/string/../sysdeps/generic/wordcopy.c:412
33f0a8f0 d gHeapBase	/tmp/cross/src/glibc-2.2.3/string/../sysdeps/generic/wordcopy.c:412
33f0a8f4 d mem_cmds	/tmp/cross/src/glibc-2.2.3/string/../sysdeps/generic/wordcopy.c:412
33f0a93c D mem_cmd	/tmp/cross/src/glibc-2.2.3/string/../sysdeps/generic/wordcopy.c:412
33f0a94c d head_cmd	/tmp/cross/src/glibc-2.2.3/string/../sysdeps/generic/wordcopy.c:412
33f0a950 d tail_cmd	/tmp/cross/src/glibc-2.2.3/string/../sysdeps/generic/wordcopy.c:412
33f0a954 D help_cmd	/tmp/cross/src/glibc-2.2.3/string/../sysdeps/generic/wordcopy.c:412
33f0a964 D dump_cmd	/tmp/cross/src/glibc-2.2.3/string/../sysdeps/generic/wordcopy.c:412
33f0a974 D go_cmd	/tmp/cross/src/glibc-2.2.3/string/../sysdeps/generic/wordcopy.c:412
33f0a984 D call_cmd	/tmp/cross/src/glibc-2.2.3/string/../sysdeps/generic/wordcopy.c:412
33f0a994 D _ctype	/tmp/cross/src/glibc-2.2.3/string/../sysdeps/generic/wordcopy.c:412
33f0aa94 D load_cmd	/tmp/cross/src/glibc-2.2.3/string/../sysdeps/generic/wordcopy.c:412
33f0aaa4 d hex_to_ascii_table	/tmp/cross/src/glibc-2.2.3/string/../sysdeps/generic/wordcopy.c:412
33f0aab4 D getc_errno	/tmp/cross/src/glibc-2.2.3/string/../sysdeps/generic/wordcopy.c:412
33f0aab8 d hist_max	/tmp/cross/src/glibc-2.2.3/string/../sysdeps/generic/wordcopy.c:412
33f0aabc d hist_add_idx	/tmp/cross/src/glibc-2.2.3/string/../sysdeps/generic/wordcopy.c:412
33f0aac0 d hist_cur	/tmp/cross/src/glibc-2.2.3/string/../sysdeps/generic/wordcopy.c:412
33f0aac4 D hist_num	/tmp/cross/src/glibc-2.2.3/string/../sysdeps/generic/wordcopy.c:412
33f0aac8 d initted.60	/tmp/cross/src/glibc-2.2.3/string/../sysdeps/generic/wordcopy.c:412
33f0aacc D prompt	/tmp/cross/src/glibc-2.2.3/string/../sysdeps/generic/wordcopy.c:412
33f0aadc D xmodem_errtxt	/tmp/cross/src/glibc-2.2.3/string/../sysdeps/generic/wordcopy.c:412
33f0aae0 D get_byte_err	/tmp/cross/src/glibc-2.2.3/string/../sysdeps/generic/wordcopy.c:412
33f0aae4 d seen_a_char	/tmp/cross/src/glibc-2.2.3/string/../sysdeps/generic/wordcopy.c:412
33f0aae8 d one_nak	/tmp/cross/src/glibc-2.2.3/string/../sysdeps/generic/wordcopy.c:412
33f0aaec d xmodem_timeout	/tmp/cross/src/glibc-2.2.3/string/../sysdeps/generic/wordcopy.c:412
33f0aaf0 D db_idx	/tmp/cross/src/glibc-2.2.3/string/../sysdeps/generic/wordcopy.c:412
33f0aaf4 D mymtd	/tmp/cross/src/glibc-2.2.3/string/../sysdeps/generic/wordcopy.c:412
33f0aaf8 d flash_cmds	/tmp/cross/src/glibc-2.2.3/string/../sysdeps/generic/wordcopy.c:412
33f0ab40 d flash_cmd	/tmp/cross/src/glibc-2.2.3/string/../sysdeps/generic/wordcopy.c:412
33f0ab50 d nand_flash_ids	/tmp/cross/src/glibc-2.2.3/string/../sysdeps/generic/wordcopy.c:412
33f0ad30 d nand_smc_info	/tmp/cross/src/glibc-2.2.3/string/../sysdeps/generic/wordcopy.c:412
33f0ae70 D bon_cmd	/tmp/cross/src/glibc-2.2.3/string/../sysdeps/generic/wordcopy.c:412
33f0ae80 D vivi_params	/tmp/cross/src/glibc-2.2.3/string/../sysdeps/generic/wordcopy.c:412
33f0ae84 D nb_params	/tmp/cross/src/glibc-2.2.3/string/../sysdeps/generic/wordcopy.c:412
33f0ae88 D linux_cmd_line	/tmp/cross/src/glibc-2.2.3/string/../sysdeps/generic/wordcopy.c:412
33f0ae8c D param_cmd	/tmp/cross/src/glibc-2.2.3/string/../sysdeps/generic/wordcopy.c:412
33f0ae9c d param_cmds	/tmp/cross/src/glibc-2.2.3/string/../sysdeps/generic/wordcopy.c:412
33f0aee4 D mtd_parts	/tmp/cross/src/glibc-2.2.3/string/../sysdeps/generic/wordcopy.c:412
33f0aee8 D nb_mtd_parts	/tmp/cross/src/glibc-2.2.3/string/../sysdeps/generic/wordcopy.c:412
33f0aeec d part_cmds	/tmp/cross/src/glibc-2.2.3/string/../sysdeps/generic/wordcopy.c:412
33f0af40 D part_cmd	/tmp/cross/src/glibc-2.2.3/string/../sysdeps/generic/wordcopy.c:412
33f0b568 ? _GLOBAL_OFFSET_TABLE_	/tmp/cross/src/glibc-2.2.3/string/../sysdeps/generic/wordcopy.c:412
33f0b574 b printk_buf.60	/tmp/cross/src/glibc-2.2.3/string/../sysdeps/generic/wordcopy.c:412
33f0b974 B argc	/tmp/cross/src/glibc-2.2.3/string/../sysdeps/generic/wordcopy.c:412
33f0b978 B stackedState	/tmp/cross/src/glibc-2.2.3/string/../sysdeps/generic/wordcopy.c:412
33f0b97c B paramoldvalue	/tmp/cross/src/glibc-2.2.3/string/../sysdeps/generic/wordcopy.c:412
33f0b980 B hist_list	/tmp/cross/src/glibc-2.2.3/string/../sysdeps/generic/wordcopy.c:412
33f0b9d0 B hist_lines	/tmp/cross/src/glibc-2.2.3/string/../sysdeps/generic/wordcopy.c:412
33f0cdd0 B rbuffer	/tmp/cross/src/glibc-2.2.3/string/../sysdeps/generic/wordcopy.c:412
33f0ce50 B debugbuf	/tmp/cross/src/glibc-2.2.3/string/../sysdeps/generic/wordcopy.c:412
33f0de50 B num_part	/tmp/cross/src/glibc-2.2.3/string/../sysdeps/generic/wordcopy.c:412
33f0de60 B parts	/tmp/cross/src/glibc-2.2.3/string/../sysdeps/generic/wordcopy.c:412
33f0dec4 r .LC0	/tmp/cross/src/glibc-2.2.3/string/../sysdeps/generic/wordcopy.c:412
33f0df08 r .LC0	/tmp/cross/src/glibc-2.2.3/string/../sysdeps/generic/wordcopy.c:412
33f0df28 r .LC1	/tmp/cross/src/glibc-2.2.3/string/../sysdeps/generic/wordcopy.c:412
33f0df54 r .LC2	/tmp/cross/src/glibc-2.2.3/string/../sysdeps/generic/wordcopy.c:412
33f0df84 r .LC3	/tmp/cross/src/glibc-2.2.3/string/../sysdeps/generic/wordcopy.c:412
33f0df9c r .LC4	/tmp/cross/src/glibc-2.2.3/string/../sysdeps/generic/wordcopy.c:412
33f0dfb4 r .LC5	/tmp/cross/src/glibc-2.2.3/string/../sysdeps/generic/wordcopy.c:412
33f0dfcc r .LC6	/tmp/cross/src/glibc-2.2.3/string/../sysdeps/generic/wordcopy.c:412
33f0dfe0 r .LC7	/tmp/cross/src/glibc-2.2.3/string/../sysdeps/generic/wordcopy.c:412
33f0dff4 r .LC8	/tmp/cross/src/glibc-2.2.3/string/../sysdeps/generic/wordcopy.c:412
33f0e024 r .LC9	/tmp/cross/src/glibc-2.2.3/string/../sysdeps/generic/wordcopy.c:412
33f0e038 r .LC10	/tmp/cross/src/glibc-2.2.3/string/../sysdeps/generic/wordcopy.c:412
33f0e044 r .LC11	/tmp/cross/src/glibc-2.2.3/string/../sysdeps/generic/wordcopy.c:412
33f0e068 r .LC12	/tmp/cross/src/glibc-2.2.3/string/../sysdeps/generic/wordcopy.c:412
33f0e0b0 r .LC15	/tmp/cross/src/glibc-2.2.3/string/../sysdeps/generic/wordcopy.c:412
33f0e0b8 r .LC16	/tmp/cross/src/glibc-2.2.3/string/../sysdeps/generic/wordcopy.c:412
33f0e0e0 r .LC17	/tmp/cross/src/glibc-2.2.3/string/../sysdeps/generic/wordcopy.c:412
33f0e11c r .LC18	/tmp/cross/src/glibc-2.2.3/string/../sysdeps/generic/wordcopy.c:412
33f0e124 r .LC19	/tmp/cross/src/glibc-2.2.3/string/../sysdeps/generic/wordcopy.c:412
33f0e12c r .LC20	/tmp/cross/src/glibc-2.2.3/string/../sysdeps/generic/wordcopy.c:412
33f0e130 r .LC21	/tmp/cross/src/glibc-2.2.3/string/../sysdeps/generic/wordcopy.c:412
33f0e154 r .LC22	/tmp/cross/src/glibc-2.2.3/string/../sysdeps/generic/wordcopy.c:412
33f0e184 r .LC0	/tmp/cross/src/glibc-2.2.3/string/../sysdeps/generic/wordcopy.c:412
33f0e18c r .LC1	/tmp/cross/src/glibc-2.2.3/string/../sysdeps/generic/wordcopy.c:412
33f0e1bc r .LC2	/tmp/cross/src/glibc-2.2.3/string/../sysdeps/generic/wordcopy.c:412
33f0e1d8 r .LC3	/tmp/cross/src/glibc-2.2.3/string/../sysdeps/generic/wordcopy.c:412
33f0e1e4 r .LC4	/tmp/cross/src/glibc-2.2.3/string/../sysdeps/generic/wordcopy.c:412
33f0e224 r .LC5	/tmp/cross/src/glibc-2.2.3/string/../sysdeps/generic/wordcopy.c:412
33f0e23c r .LC6	/tmp/cross/src/glibc-2.2.3/string/../sysdeps/generic/wordcopy.c:412
33f0e240 r .LC7	/tmp/cross/src/glibc-2.2.3/string/../sysdeps/generic/wordcopy.c:412
33f0e264 r .LC8	/tmp/cross/src/glibc-2.2.3/string/../sysdeps/generic/wordcopy.c:412
33f0e280 r .LC9	/tmp/cross/src/glibc-2.2.3/string/../sysdeps/generic/wordcopy.c:412
33f0e31c r .LC0	/tmp/cross/src/glibc-2.2.3/string/../sysdeps/generic/wordcopy.c:412
33f0e340 r .LC1	/tmp/cross/src/glibc-2.2.3/string/../sysdeps/generic/wordcopy.c:412
33f0e374 r .LC2	/tmp/cross/src/glibc-2.2.3/string/../sysdeps/generic/wordcopy.c:412
33f0e394 r .LC3	/tmp/cross/src/glibc-2.2.3/string/../sysdeps/generic/wordcopy.c:412
33f0e3ac r .LC4	/tmp/cross/src/glibc-2.2.3/string/../sysdeps/generic/wordcopy.c:412
33f0e3b0 r .LC5	/tmp/cross/src/glibc-2.2.3/string/../sysdeps/generic/wordcopy.c:412
33f0e3b4 r .LC6	/tmp/cross/src/glibc-2.2.3/string/../sysdeps/generic/wordcopy.c:412
33f0e3b8 r .LC7	/tmp/cross/src/glibc-2.2.3/string/../sysdeps/generic/wordcopy.c:412
33f0e3c8 r .LC8	/tmp/cross/src/glibc-2.2.3/string/../sysdeps/generic/wordcopy.c:412
33f0e3f4 r .LC9	/tmp/cross/src/glibc-2.2.3/string/../sysdeps/generic/wordcopy.c:412
33f0e418 r .LC10	/tmp/cross/src/glibc-2.2.3/string/../sysdeps/generic/wordcopy.c:412
33f0e458 r .LC11	/tmp/cross/src/glibc-2.2.3/string/../sysdeps/generic/wordcopy.c:412
33f0e460 r .LC12	/tmp/cross/src/glibc-2.2.3/string/../sysdeps/generic/wordcopy.c:412
33f0e468 r .LC13	/tmp/cross/src/glibc-2.2.3/string/../sysdeps/generic/wordcopy.c:412
33f0e4a4 r .LC14	/tmp/cross/src/glibc-2.2.3/string/../sysdeps/generic/wordcopy.c:412
33f0e4bc r .LC15	/tmp/cross/src/glibc-2.2.3/string/../sysdeps/generic/wordcopy.c:412
33f0e4c8 r .LC16	/tmp/cross/src/glibc-2.2.3/string/../sysdeps/generic/wordcopy.c:412
33f0e4d8 r .LC17	/tmp/cross/src/glibc-2.2.3/string/../sysdeps/generic/wordcopy.c:412
33f0e4f4 r .LC18	/tmp/cross/src/glibc-2.2.3/string/../sysdeps/generic/wordcopy.c:412
33f0e528 r .LC19	/tmp/cross/src/glibc-2.2.3/string/../sysdeps/generic/wordcopy.c:412
33f0e530 r .LC20	/tmp/cross/src/glibc-2.2.3/string/../sysdeps/generic/wordcopy.c:412
33f0e558 r .LC21	/tmp/cross/src/glibc-2.2.3/string/../sysdeps/generic/wordcopy.c:412
33f0e58c r .LC22	/tmp/cross/src/glibc-2.2.3/string/../sysdeps/generic/wordcopy.c:412
33f0e59c r .LC23	/tmp/cross/src/glibc-2.2.3/string/../sysdeps/generic/wordcopy.c:412
33f0e5bc r .LC24	/tmp/cross/src/glibc-2.2.3/string/../sysdeps/generic/wordcopy.c:412
33f0e5dc r .LC25	/tmp/cross/src/glibc-2.2.3/string/../sysdeps/generic/wordcopy.c:412
33f0e620 r .LC26	/tmp/cross/src/glibc-2.2.3/string/../sysdeps/generic/wordcopy.c:412
33f0e644 r .LC27	/tmp/cross/src/glibc-2.2.3/string/../sysdeps/generic/wordcopy.c:412
33f0e670 r .LC28	/tmp/cross/src/glibc-2.2.3/string/../sysdeps/generic/wordcopy.c:412
33f0e67c r .LC29	/tmp/cross/src/glibc-2.2.3/string/../sysdeps/generic/wordcopy.c:412
33f0e69c r .LC30	/tmp/cross/src/glibc-2.2.3/string/../sysdeps/generic/wordcopy.c:412
33f0e6a4 r .LC31	/tmp/cross/src/glibc-2.2.3/string/../sysdeps/generic/wordcopy.c:412
33f0e6cc r .LC32	/tmp/cross/src/glibc-2.2.3/string/../sysdeps/generic/wordcopy.c:412
33f0e708 r .LC0	/tmp/cross/src/glibc-2.2.3/string/../sysdeps/generic/wordcopy.c:412
33f0e738 r .LC0	/tmp/cross/src/glibc-2.2.3/string/../sysdeps/generic/wordcopy.c:412
33f0e768 r .LC1	/tmp/cross/src/glibc-2.2.3/string/../sysdeps/generic/wordcopy.c:412
33f0e77c r .LC2	/tmp/cross/src/glibc-2.2.3/string/../sysdeps/generic/wordcopy.c:412
33f0e794 r .LC3	/tmp/cross/src/glibc-2.2.3/string/../sysdeps/generic/wordcopy.c:412
33f0e7ac r .LC4	/tmp/cross/src/glibc-2.2.3/string/../sysdeps/generic/wordcopy.c:412
33f0e7c4 r .LC5	/tmp/cross/src/glibc-2.2.3/string/../sysdeps/generic/wordcopy.c:412
33f0e7f4 r .LC6	/tmp/cross/src/glibc-2.2.3/string/../sysdeps/generic/wordcopy.c:412
33f0e824 r .LC7	/tmp/cross/src/glibc-2.2.3/string/../sysdeps/generic/wordcopy.c:412
33f0e854 r .LC8	/tmp/cross/src/glibc-2.2.3/string/../sysdeps/generic/wordcopy.c:412
33f0e878 r .LC9	/tmp/cross/src/glibc-2.2.3/string/../sysdeps/generic/wordcopy.c:412
33f0e89c r .LC10	/tmp/cross/src/glibc-2.2.3/string/../sysdeps/generic/wordcopy.c:412
33f0e8c0 r .LC11	/tmp/cross/src/glibc-2.2.3/string/../sysdeps/generic/wordcopy.c:412
33f0e8d8 r .LC12	/tmp/cross/src/glibc-2.2.3/string/../sysdeps/generic/wordcopy.c:412
33f0e8f0 r .LC13	/tmp/cross/src/glibc-2.2.3/string/../sysdeps/generic/wordcopy.c:412
33f0e908 r .LC14	/tmp/cross/src/glibc-2.2.3/string/../sysdeps/generic/wordcopy.c:412
33f0e920 r .LC15	/tmp/cross/src/glibc-2.2.3/string/../sysdeps/generic/wordcopy.c:412
33f0e938 r .LC16	/tmp/cross/src/glibc-2.2.3/string/../sysdeps/generic/wordcopy.c:412
33f0e950 r .LC17	/tmp/cross/src/glibc-2.2.3/string/../sysdeps/generic/wordcopy.c:412
33f0e968 r .LC18	/tmp/cross/src/glibc-2.2.3/string/../sysdeps/generic/wordcopy.c:412
33f0e980 r .LC19	/tmp/cross/src/glibc-2.2.3/string/../sysdeps/generic/wordcopy.c:412
33f0e998 r .LC20	/tmp/cross/src/glibc-2.2.3/string/../sysdeps/generic/wordcopy.c:412
33f0e9b0 r .LC21	/tmp/cross/src/glibc-2.2.3/string/../sysdeps/generic/wordcopy.c:412
33f0e9c8 r .LC22	/tmp/cross/src/glibc-2.2.3/string/../sysdeps/generic/wordcopy.c:412
33f0e9e0 r .LC23	/tmp/cross/src/glibc-2.2.3/string/../sysdeps/generic/wordcopy.c:412
33f0e9f8 r .LC24	/tmp/cross/src/glibc-2.2.3/string/../sysdeps/generic/wordcopy.c:412
33f0ea0c r .LC25	/tmp/cross/src/glibc-2.2.3/string/../sysdeps/generic/wordcopy.c:412
33f0ea44 r .LC26	/tmp/cross/src/glibc-2.2.3/string/../sysdeps/generic/wordcopy.c:412
33f0ea78 r .LC27	/tmp/cross/src/glibc-2.2.3/string/../sysdeps/generic/wordcopy.c:412
33f0ea94 r .LC28	/tmp/cross/src/glibc-2.2.3/string/../sysdeps/generic/wordcopy.c:412
33f0eac8 r .LC29	/tmp/cross/src/glibc-2.2.3/string/../sysdeps/generic/wordcopy.c:412
33f0eae8 r .LC30	/tmp/cross/src/glibc-2.2.3/string/../sysdeps/generic/wordcopy.c:412
33f0eb10 r .LC31	/tmp/cross/src/glibc-2.2.3/string/../sysdeps/generic/wordcopy.c:412
33f0eb18 r .LC32	/tmp/cross/src/glibc-2.2.3/string/../sysdeps/generic/wordcopy.c:412
33f0eb50 r .LC33	/tmp/cross/src/glibc-2.2.3/string/../sysdeps/generic/wordcopy.c:412
33f0eb54 r .LC34	/tmp/cross/src/glibc-2.2.3/string/../sysdeps/generic/wordcopy.c:412
33f0eb84 r .LC35	/tmp/cross/src/glibc-2.2.3/string/../sysdeps/generic/wordcopy.c:412
33f0eca0 r .LC46	/tmp/cross/src/glibc-2.2.3/string/../sysdeps/generic/wordcopy.c:412
33f0eca4 r .LC47	/tmp/cross/src/glibc-2.2.3/string/../sysdeps/generic/wordcopy.c:412
33f0ecac r .LC48	/tmp/cross/src/glibc-2.2.3/string/../sysdeps/generic/wordcopy.c:412
33f0ecb4 r .LC49	/tmp/cross/src/glibc-2.2.3/string/../sysdeps/generic/wordcopy.c:412
33f0ecd4 r .LC50	/tmp/cross/src/glibc-2.2.3/string/../sysdeps/generic/wordcopy.c:412
33f0ed00 r .LC0	/tmp/cross/src/glibc-2.2.3/string/../sysdeps/generic/wordcopy.c:412
33f0ed04 r .LC1	/tmp/cross/src/glibc-2.2.3/string/../sysdeps/generic/wordcopy.c:412
33f0ed24 r .LC2	/tmp/cross/src/glibc-2.2.3/string/../sysdeps/generic/wordcopy.c:412
33f0ed5c r .LC3	/tmp/cross/src/glibc-2.2.3/string/../sysdeps/generic/wordcopy.c:412
33f0ed80 r .LC4	/tmp/cross/src/glibc-2.2.3/string/../sysdeps/generic/wordcopy.c:412
33f0ed88 r .LC5	/tmp/cross/src/glibc-2.2.3/string/../sysdeps/generic/wordcopy.c:412
33f0ed8c r .LC6	/tmp/cross/src/glibc-2.2.3/string/../sysdeps/generic/wordcopy.c:412
33f0ed90 r .LC7	/tmp/cross/src/glibc-2.2.3/string/../sysdeps/generic/wordcopy.c:412
33f0edb8 r .LC8	/tmp/cross/src/glibc-2.2.3/string/../sysdeps/generic/wordcopy.c:412
33f0edbc r .LC9	/tmp/cross/src/glibc-2.2.3/string/../sysdeps/generic/wordcopy.c:412
33f0edc4 r .LC10	/tmp/cross/src/glibc-2.2.3/string/../sysdeps/generic/wordcopy.c:412
33f0edd8 r .LC11	/tmp/cross/src/glibc-2.2.3/string/../sysdeps/generic/wordcopy.c:412
33f0ee50 r .LC0	/tmp/cross/src/glibc-2.2.3/string/../sysdeps/generic/wordcopy.c:412
33f0ee70 r .LC1	/tmp/cross/src/glibc-2.2.3/string/../sysdeps/generic/wordcopy.c:412
33f0ee88 r .LC2	/tmp/cross/src/glibc-2.2.3/string/../sysdeps/generic/wordcopy.c:412
33f0eea0 r .LC3	/tmp/cross/src/glibc-2.2.3/string/../sysdeps/generic/wordcopy.c:412
33f0eeb8 r .LC4	/tmp/cross/src/glibc-2.2.3/string/../sysdeps/generic/wordcopy.c:412
33f0eed0 r .LC5	/tmp/cross/src/glibc-2.2.3/string/../sysdeps/generic/wordcopy.c:412
33f0eee4 r .LC6	/tmp/cross/src/glibc-2.2.3/string/../sysdeps/generic/wordcopy.c:412
33f0eef4 r .LC7	/tmp/cross/src/glibc-2.2.3/string/../sysdeps/generic/wordcopy.c:412
33f0ef9c r .LC0	/tmp/cross/src/glibc-2.2.3/string/../sysdeps/generic/wordcopy.c:412
33f0efc4 r .LC1	/tmp/cross/src/glibc-2.2.3/string/../sysdeps/generic/wordcopy.c:412
33f0efec r .LC2	/tmp/cross/src/glibc-2.2.3/string/../sysdeps/generic/wordcopy.c:412
33f0eff4 r .LC0	/tmp/cross/src/glibc-2.2.3/string/../sysdeps/generic/wordcopy.c:412
33f0eff8 r .LC1	/tmp/cross/src/glibc-2.2.3/string/../sysdeps/generic/wordcopy.c:412
33f0effc r .LC2	/tmp/cross/src/glibc-2.2.3/string/../sysdeps/generic/wordcopy.c:412
33f0f000 r .LC3	/tmp/cross/src/glibc-2.2.3/string/../sysdeps/generic/wordcopy.c:412
33f0f004 r .LC4	/tmp/cross/src/glibc-2.2.3/string/../sysdeps/generic/wordcopy.c:412
33f0f008 r .LC5	/tmp/cross/src/glibc-2.2.3/string/../sysdeps/generic/wordcopy.c:412
33f0f00c r .LC6	/tmp/cross/src/glibc-2.2.3/string/../sysdeps/generic/wordcopy.c:412
33f0f014 r .LC7	/tmp/cross/src/glibc-2.2.3/string/../sysdeps/generic/wordcopy.c:412
33f0f018 r .LC8	/tmp/cross/src/glibc-2.2.3/string/../sysdeps/generic/wordcopy.c:412
33f0f030 r .LC9	/tmp/cross/src/glibc-2.2.3/string/../sysdeps/generic/wordcopy.c:412
33f0f060 r .LC10	/tmp/cross/src/glibc-2.2.3/string/../sysdeps/generic/wordcopy.c:412
33f0f07c r .LC11	/tmp/cross/src/glibc-2.2.3/string/../sysdeps/generic/wordcopy.c:412
33f0f090 r .LC12	/tmp/cross/src/glibc-2.2.3/string/../sysdeps/generic/wordcopy.c:412
33f0f0b0 r .LC13	/tmp/cross/src/glibc-2.2.3/string/../sysdeps/generic/wordcopy.c:412
33f0f0d8 r .LC14	/tmp/cross/src/glibc-2.2.3/string/../sysdeps/generic/wordcopy.c:412
33f0f0f4 r .LC15	/tmp/cross/src/glibc-2.2.3/string/../sysdeps/generic/wordcopy.c:412
33f0f104 r .LC16	/tmp/cross/src/glibc-2.2.3/string/../sysdeps/generic/wordcopy.c:412
33f0f110 r .LC17	/tmp/cross/src/glibc-2.2.3/string/../sysdeps/generic/wordcopy.c:412
33f0f11c r .LC18	/tmp/cross/src/glibc-2.2.3/string/../sysdeps/generic/wordcopy.c:412
33f0f124 r .LC0	/tmp/cross/src/glibc-2.2.3/string/../sysdeps/generic/wordcopy.c:412
33f0f128 r .LC1	/tmp/cross/src/glibc-2.2.3/string/../sysdeps/generic/wordcopy.c:412
33f0f12c r .LC2	/tmp/cross/src/glibc-2.2.3/string/../sysdeps/generic/wordcopy.c:412
33f0f130 r .LC3	/tmp/cross/src/glibc-2.2.3/string/../sysdeps/generic/wordcopy.c:412
33f0f158 r .LC4	/tmp/cross/src/glibc-2.2.3/string/../sysdeps/generic/wordcopy.c:412
33f0f164 r .LC5	/tmp/cross/src/glibc-2.2.3/string/../sysdeps/generic/wordcopy.c:412
33f0f190 r .LC6	/tmp/cross/src/glibc-2.2.3/string/../sysdeps/generic/wordcopy.c:412
33f0f1ac r .LC7	/tmp/cross/src/glibc-2.2.3/string/../sysdeps/generic/wordcopy.c:412
33f0f1c4 r .LC8	/tmp/cross/src/glibc-2.2.3/string/../sysdeps/generic/wordcopy.c:412
33f0f1cc r .LC9	/tmp/cross/src/glibc-2.2.3/string/../sysdeps/generic/wordcopy.c:412
33f0f1ec r .LC10	/tmp/cross/src/glibc-2.2.3/string/../sysdeps/generic/wordcopy.c:412
33f0f1f4 r .LC11	/tmp/cross/src/glibc-2.2.3/string/../sysdeps/generic/wordcopy.c:412
33f0f1f8 r .LC12	/tmp/cross/src/glibc-2.2.3/string/../sysdeps/generic/wordcopy.c:412
33f0f22c r .LC13	/tmp/cross/src/glibc-2.2.3/string/../sysdeps/generic/wordcopy.c:412
33f0f248 r .LC14	/tmp/cross/src/glibc-2.2.3/string/../sysdeps/generic/wordcopy.c:412
33f0f278 r .LC15	/tmp/cross/src/glibc-2.2.3/string/../sysdeps/generic/wordcopy.c:412
33f0f2cc r .LC16	/tmp/cross/src/glibc-2.2.3/string/../sysdeps/generic/wordcopy.c:412
33f0f304 r .LC17	/tmp/cross/src/glibc-2.2.3/string/../sysdeps/generic/wordcopy.c:412
33f0f31c r .LC18	/tmp/cross/src/glibc-2.2.3/string/../sysdeps/generic/wordcopy.c:412
33f0f350 r .LC19	/tmp/cross/src/glibc-2.2.3/string/../sysdeps/generic/wordcopy.c:412
33f0f35c r .LC20	/tmp/cross/src/glibc-2.2.3/string/../sysdeps/generic/wordcopy.c:412
33f0f3cc r .LC0	/tmp/cross/src/glibc-2.2.3/string/../sysdeps/generic/wordcopy.c:412
33f0f3ec r .LC1	/tmp/cross/src/glibc-2.2.3/string/../sysdeps/generic/wordcopy.c:412
33f0f3f0 r .LC0	/tmp/cross/src/glibc-2.2.3/string/../sysdeps/generic/wordcopy.c:412
33f0f3f4 r .LC1	/tmp/cross/src/glibc-2.2.3/string/../sysdeps/generic/wordcopy.c:412
33f0f3f8 r .LC0	/tmp/cross/src/glibc-2.2.3/string/../sysdeps/generic/wordcopy.c:412
33f0f400 r .LC0	/tmp/cross/src/glibc-2.2.3/string/../sysdeps/generic/wordcopy.c:412
33f0f410 r .LC1	/tmp/cross/src/glibc-2.2.3/string/../sysdeps/generic/wordcopy.c:412
33f0f428 r .LC2	/tmp/cross/src/glibc-2.2.3/string/../sysdeps/generic/wordcopy.c:412
33f0f434 r .LC3	/tmp/cross/src/glibc-2.2.3/string/../sysdeps/generic/wordcopy.c:412
33f0f43c r .LC4	/tmp/cross/src/glibc-2.2.3/string/../sysdeps/generic/wordcopy.c:412
33f0f448 r .LC5	/tmp/cross/src/glibc-2.2.3/string/../sysdeps/generic/wordcopy.c:412
33f0f454 r .LC6	/tmp/cross/src/glibc-2.2.3/string/../sysdeps/generic/wordcopy.c:412
33f0f45c r .LC7	/tmp/cross/src/glibc-2.2.3/string/../sysdeps/generic/wordcopy.c:412
33f0f464 r .LC8	/tmp/cross/src/glibc-2.2.3/string/../sysdeps/generic/wordcopy.c:412
33f0f470 r .LC9	/tmp/cross/src/glibc-2.2.3/string/../sysdeps/generic/wordcopy.c:412
33f0f47c r .LC10	/tmp/cross/src/glibc-2.2.3/string/../sysdeps/generic/wordcopy.c:412
33f0f488 r .LC11	/tmp/cross/src/glibc-2.2.3/string/../sysdeps/generic/wordcopy.c:412
33f0f498 r .LC0	/tmp/cross/src/glibc-2.2.3/string/../sysdeps/generic/wordcopy.c:412
33f0f4ac r .LC1	/tmp/cross/src/glibc-2.2.3/string/../sysdeps/generic/wordcopy.c:412
33f0f4d8 r .LC2	/tmp/cross/src/glibc-2.2.3/string/../sysdeps/generic/wordcopy.c:412
33f0f4e8 r .LC3	/tmp/cross/src/glibc-2.2.3/string/../sysdeps/generic/wordcopy.c:412
33f0f4f8 r .LC4	/tmp/cross/src/glibc-2.2.3/string/../sysdeps/generic/wordcopy.c:412
33f0f504 r .LC5	/tmp/cross/src/glibc-2.2.3/string/../sysdeps/generic/wordcopy.c:412
33f0f514 r .LC6	/tmp/cross/src/glibc-2.2.3/string/../sysdeps/generic/wordcopy.c:412
33f0f524 r .LC7	/tmp/cross/src/glibc-2.2.3/string/../sysdeps/generic/wordcopy.c:412
33f0f534 r .LC8	/tmp/cross/src/glibc-2.2.3/string/../sysdeps/generic/wordcopy.c:412
33f0f544 r .LC9	/tmp/cross/src/glibc-2.2.3/string/../sysdeps/generic/wordcopy.c:412
33f0f554 r .LC10	/tmp/cross/src/glibc-2.2.3/string/../sysdeps/generic/wordcopy.c:412
33f0f578 r .LC11	/tmp/cross/src/glibc-2.2.3/string/../sysdeps/generic/wordcopy.c:412
33f0f588 r .LC12	/tmp/cross/src/glibc-2.2.3/string/../sysdeps/generic/wordcopy.c:412
33f0f5b4 r .LC13	/tmp/cross/src/glibc-2.2.3/string/../sysdeps/generic/wordcopy.c:412
33f0f5d4 r .LC14	/tmp/cross/src/glibc-2.2.3/string/../sysdeps/generic/wordcopy.c:412
33f0f5dc r .LC15	/tmp/cross/src/glibc-2.2.3/string/../sysdeps/generic/wordcopy.c:412
33f0f5f0 r .LC16	/tmp/cross/src/glibc-2.2.3/string/../sysdeps/generic/wordcopy.c:412
33f0f610 r .LC17	/tmp/cross/src/glibc-2.2.3/string/../sysdeps/generic/wordcopy.c:412
33f0f62c r .LC18	/tmp/cross/src/glibc-2.2.3/string/../sysdeps/generic/wordcopy.c:412
33f0f650 r .LC19	/tmp/cross/src/glibc-2.2.3/string/../sysdeps/generic/wordcopy.c:412
33f0f668 r .LC20	/tmp/cross/src/glibc-2.2.3/string/../sysdeps/generic/wordcopy.c:412
33f0f6a0 r .LC21	/tmp/cross/src/glibc-2.2.3/string/../sysdeps/generic/wordcopy.c:412
33f0f6c0 r .LC22	/tmp/cross/src/glibc-2.2.3/string/../sysdeps/generic/wordcopy.c:412
33f0f6d8 r .LC23	/tmp/cross/src/glibc-2.2.3/string/../sysdeps/generic/wordcopy.c:412
33f0f700 r .LC24	/tmp/cross/src/glibc-2.2.3/string/../sysdeps/generic/wordcopy.c:412
33f0f72c r .LC25	/tmp/cross/src/glibc-2.2.3/string/../sysdeps/generic/wordcopy.c:412
33f0f764 r .LC26	/tmp/cross/src/glibc-2.2.3/string/../sysdeps/generic/wordcopy.c:412
33f0f788 r .LC27	/tmp/cross/src/glibc-2.2.3/string/../sysdeps/generic/wordcopy.c:412
33f0f794 r .LC28	/tmp/cross/src/glibc-2.2.3/string/../sysdeps/generic/wordcopy.c:412
33f0f79c r .LC29	/tmp/cross/src/glibc-2.2.3/string/../sysdeps/generic/wordcopy.c:412
33f0f7d8 r .LC30	/tmp/cross/src/glibc-2.2.3/string/../sysdeps/generic/wordcopy.c:412
33f0f800 r .LC31	/tmp/cross/src/glibc-2.2.3/string/../sysdeps/generic/wordcopy.c:412
33f0f8b0 r .LC32	/tmp/cross/src/glibc-2.2.3/string/../sysdeps/generic/wordcopy.c:412
33f0f94c r .LC41	/tmp/cross/src/glibc-2.2.3/string/../sysdeps/generic/wordcopy.c:412
33f0f974 r .LC42	/tmp/cross/src/glibc-2.2.3/string/../sysdeps/generic/wordcopy.c:412
33f0f9cc r .LC0	/tmp/cross/src/glibc-2.2.3/string/../sysdeps/generic/wordcopy.c:412
33f0fa00 r .LC1	/tmp/cross/src/glibc-2.2.3/string/../sysdeps/generic/wordcopy.c:412
33f0fa38 r nand_ecc_precalc_table	/tmp/cross/src/glibc-2.2.3/string/../sysdeps/generic/wordcopy.c:412
33f0fcac r .LC18	/tmp/cross/src/glibc-2.2.3/string/../sysdeps/generic/wordcopy.c:412
33f0fce8 r .LC19	/tmp/cross/src/glibc-2.2.3/string/../sysdeps/generic/wordcopy.c:412
33f0fd04 R bon_part_magic	/tmp/cross/src/glibc-2.2.3/string/../sysdeps/generic/wordcopy.c:412
33f0fd0c r .LC0	/tmp/cross/src/glibc-2.2.3/string/../sysdeps/generic/wordcopy.c:412
33f0fd18 r .LC1	/tmp/cross/src/glibc-2.2.3/string/../sysdeps/generic/wordcopy.c:412
33f0fd30 r .LC2	/tmp/cross/src/glibc-2.2.3/string/../sysdeps/generic/wordcopy.c:412
33f0fd40 r .LC3	/tmp/cross/src/glibc-2.2.3/string/../sysdeps/generic/wordcopy.c:412
33f0fd4c r .LC4	/tmp/cross/src/glibc-2.2.3/string/../sysdeps/generic/wordcopy.c:412
33f0fd5c r .LC5	/tmp/cross/src/glibc-2.2.3/string/../sysdeps/generic/wordcopy.c:412
33f0fd84 r .LC6	/tmp/cross/src/glibc-2.2.3/string/../sysdeps/generic/wordcopy.c:412
33f0fda8 r .LC7	/tmp/cross/src/glibc-2.2.3/string/../sysdeps/generic/wordcopy.c:412
33f0fdb8 r .LC8	/tmp/cross/src/glibc-2.2.3/string/../sysdeps/generic/wordcopy.c:412
33f0fdcc r .LC9	/tmp/cross/src/glibc-2.2.3/string/../sysdeps/generic/wordcopy.c:412
33f0fdf0 r .LC10	/tmp/cross/src/glibc-2.2.3/string/../sysdeps/generic/wordcopy.c:412
33f0fe18 r .LC11	/tmp/cross/src/glibc-2.2.3/string/../sysdeps/generic/wordcopy.c:412
33f0fe2c r .LC12	/tmp/cross/src/glibc-2.2.3/string/../sysdeps/generic/wordcopy.c:412
33f0fe48 r .LC13	/tmp/cross/src/glibc-2.2.3/string/../sysdeps/generic/wordcopy.c:412
33f0fe6c r .LC14	/tmp/cross/src/glibc-2.2.3/string/../sysdeps/generic/wordcopy.c:412
33f0fe78 r .LC15	/tmp/cross/src/glibc-2.2.3/string/../sysdeps/generic/wordcopy.c:412
33f0fe88 r .LC16	/tmp/cross/src/glibc-2.2.3/string/../sysdeps/generic/wordcopy.c:412
33f0fe98 r .LC17	/tmp/cross/src/glibc-2.2.3/string/../sysdeps/generic/wordcopy.c:412
33f0feac r .LC18	/tmp/cross/src/glibc-2.2.3/string/../sysdeps/generic/wordcopy.c:412
33f0feb4 r .LC19	/tmp/cross/src/glibc-2.2.3/string/../sysdeps/generic/wordcopy.c:412
33f0fed4 r .LC20	/tmp/cross/src/glibc-2.2.3/string/../sysdeps/generic/wordcopy.c:412
33f0fef0 r .LC21	/tmp/cross/src/glibc-2.2.3/string/../sysdeps/generic/wordcopy.c:412
33f0ff1c r .LC22	/tmp/cross/src/glibc-2.2.3/string/../sysdeps/generic/wordcopy.c:412
33f0ff4c r .LC23	/tmp/cross/src/glibc-2.2.3/string/../sysdeps/generic/wordcopy.c:412
33f0ff6c r .LC24	/tmp/cross/src/glibc-2.2.3/string/../sysdeps/generic/wordcopy.c:412
33f0ff70 r .LC25	/tmp/cross/src/glibc-2.2.3/string/../sysdeps/generic/wordcopy.c:412
33f0ff74 r .LC26	/tmp/cross/src/glibc-2.2.3/string/../sysdeps/generic/wordcopy.c:412
33f0ff7c r .LC27	/tmp/cross/src/glibc-2.2.3/string/../sysdeps/generic/wordcopy.c:412
33f0ff8c r .LC28	/tmp/cross/src/glibc-2.2.3/string/../sysdeps/generic/wordcopy.c:412
33f0ffa4 r .LC29	/tmp/cross/src/glibc-2.2.3/string/../sysdeps/generic/wordcopy.c:412
33f0ffb8 r .LC30	/tmp/cross/src/glibc-2.2.3/string/../sysdeps/generic/wordcopy.c:412
33f0ffc0 r .LC31	/tmp/cross/src/glibc-2.2.3/string/../sysdeps/generic/wordcopy.c:412
33f0ffc8 r .LC32	/tmp/cross/src/glibc-2.2.3/string/../sysdeps/generic/wordcopy.c:412
33f0ffdc r .LC33	/tmp/cross/src/glibc-2.2.3/string/../sysdeps/generic/wordcopy.c:412
33f0ffec r .LC34	/tmp/cross/src/glibc-2.2.3/string/../sysdeps/generic/wordcopy.c:412
33f0fff8 r .LC35	/tmp/cross/src/glibc-2.2.3/string/../sysdeps/generic/wordcopy.c:412
33f1000c r .LC36	/tmp/cross/src/glibc-2.2.3/string/../sysdeps/generic/wordcopy.c:412
33f10014 r .LC37	/tmp/cross/src/glibc-2.2.3/string/../sysdeps/generic/wordcopy.c:412
33f10050 r .LC0	/tmp/cross/src/glibc-2.2.3/string/../sysdeps/generic/wordcopy.c:412
33f10070 r .LC1	/tmp/cross/src/glibc-2.2.3/string/../sysdeps/generic/wordcopy.c:412
33f10094 r .LC2	/tmp/cross/src/glibc-2.2.3/string/../sysdeps/generic/wordcopy.c:412
33f1009c r .LC3	/tmp/cross/src/glibc-2.2.3/string/../sysdeps/generic/wordcopy.c:412
33f100c0 r .LC4	/tmp/cross/src/glibc-2.2.3/string/../sysdeps/generic/wordcopy.c:412
33f100e4 r .LC5	/tmp/cross/src/glibc-2.2.3/string/../sysdeps/generic/wordcopy.c:412
33f10108 r .LC6	/tmp/cross/src/glibc-2.2.3/string/../sysdeps/generic/wordcopy.c:412
33f1012c r .LC7	/tmp/cross/src/glibc-2.2.3/string/../sysdeps/generic/wordcopy.c:412
33f10154 r .LC8	/tmp/cross/src/glibc-2.2.3/string/../sysdeps/generic/wordcopy.c:412
33f10174 r .LC9	/tmp/cross/src/glibc-2.2.3/string/../sysdeps/generic/wordcopy.c:412
33f10194 R vivi_param_magic	/tmp/cross/src/glibc-2.2.3/string/../sysdeps/generic/wordcopy.c:412
33f1019c R linux_cmd_magic	/tmp/cross/src/glibc-2.2.3/string/../sysdeps/generic/wordcopy.c:412
33f101a4 r .LC0	/tmp/cross/src/glibc-2.2.3/string/../sysdeps/generic/wordcopy.c:412
33f101c0 r .LC1	/tmp/cross/src/glibc-2.2.3/string/../sysdeps/generic/wordcopy.c:412
33f101dc r .LC2	/tmp/cross/src/glibc-2.2.3/string/../sysdeps/generic/wordcopy.c:412
33f101e4 r .LC3	/tmp/cross/src/glibc-2.2.3/string/../sysdeps/generic/wordcopy.c:412
33f10224 r .LC4	/tmp/cross/src/glibc-2.2.3/string/../sysdeps/generic/wordcopy.c:412
33f10238 r .LC5	/tmp/cross/src/glibc-2.2.3/string/../sysdeps/generic/wordcopy.c:412
33f10250 r .LC6	/tmp/cross/src/glibc-2.2.3/string/../sysdeps/generic/wordcopy.c:412
33f10280 r .LC7	/tmp/cross/src/glibc-2.2.3/string/../sysdeps/generic/wordcopy.c:412
33f102e4 r .LC8	/tmp/cross/src/glibc-2.2.3/string/../sysdeps/generic/wordcopy.c:412
33f102ec r .LC10	/tmp/cross/src/glibc-2.2.3/string/../sysdeps/generic/wordcopy.c:412
33f10324 r .LC11	/tmp/cross/src/glibc-2.2.3/string/../sysdeps/generic/wordcopy.c:412
33f10334 r .LC12	/tmp/cross/src/glibc-2.2.3/string/../sysdeps/generic/wordcopy.c:412
33f10358 r .LC13	/tmp/cross/src/glibc-2.2.3/string/../sysdeps/generic/wordcopy.c:412
33f1037c r .LC14	/tmp/cross/src/glibc-2.2.3/string/../sysdeps/generic/wordcopy.c:412
33f10398 r .LC15	/tmp/cross/src/glibc-2.2.3/string/../sysdeps/generic/wordcopy.c:412
33f103c4 r .LC16	/tmp/cross/src/glibc-2.2.3/string/../sysdeps/generic/wordcopy.c:412
33f103f4 r .LC17	/tmp/cross/src/glibc-2.2.3/string/../sysdeps/generic/wordcopy.c:412
33f1041c r .LC18	/tmp/cross/src/glibc-2.2.3/string/../sysdeps/generic/wordcopy.c:412
33f10428 r .LC19	/tmp/cross/src/glibc-2.2.3/string/../sysdeps/generic/wordcopy.c:412
33f1044c r .LC20	/tmp/cross/src/glibc-2.2.3/string/../sysdeps/generic/wordcopy.c:412
33f105a8 R mtd_part_magic	/tmp/cross/src/glibc-2.2.3/string/../sysdeps/generic/wordcopy.c:412
33f105b0 r .LC0	/tmp/cross/src/glibc-2.2.3/string/../sysdeps/generic/wordcopy.c:412
33f105d0 r .LC1	/tmp/cross/src/glibc-2.2.3/string/../sysdeps/generic/wordcopy.c:412
33f10600 r .LC2	/tmp/cross/src/glibc-2.2.3/string/../sysdeps/generic/wordcopy.c:412
33f10634 r .LC3	/tmp/cross/src/glibc-2.2.3/string/../sysdeps/generic/wordcopy.c:412
33f10650 r .LC4	/tmp/cross/src/glibc-2.2.3/string/../sysdeps/generic/wordcopy.c:412
33f10654 r .LC5	/tmp/cross/src/glibc-2.2.3/string/../sysdeps/generic/wordcopy.c:412
33f10658 r .LC6	/tmp/cross/src/glibc-2.2.3/string/../sysdeps/generic/wordcopy.c:412
33f10660 r .LC7	/tmp/cross/src/glibc-2.2.3/string/../sysdeps/generic/wordcopy.c:412
33f10668 r .LC8	/tmp/cross/src/glibc-2.2.3/string/../sysdeps/generic/wordcopy.c:412
33f10674 r .LC10	/tmp/cross/src/glibc-2.2.3/string/../sysdeps/generic/wordcopy.c:412
33f10680 r .LC11	/tmp/cross/src/glibc-2.2.3/string/../sysdeps/generic/wordcopy.c:412
33f1069c r .LC12	/tmp/cross/src/glibc-2.2.3/string/../sysdeps/generic/wordcopy.c:412
33f106d0 r .LC13	/tmp/cross/src/glibc-2.2.3/string/../sysdeps/generic/wordcopy.c:412
33f106ec r .LC14	/tmp/cross/src/glibc-2.2.3/string/../sysdeps/generic/wordcopy.c:412
33f106f8 r .LC15	/tmp/cross/src/glibc-2.2.3/string/../sysdeps/generic/wordcopy.c:412
33f10710 r .LC16	/tmp/cross/src/glibc-2.2.3/string/../sysdeps/generic/wordcopy.c:412
33f1071c r .LC17	/tmp/cross/src/glibc-2.2.3/string/../sysdeps/generic/wordcopy.c:412
33f10728 r .LC18	/tmp/cross/src/glibc-2.2.3/string/../sysdeps/generic/wordcopy.c:412
33f10734 r .LC19	/tmp/cross/src/glibc-2.2.3/string/../sysdeps/generic/wordcopy.c:412
33f1084c r .LC31	/tmp/cross/src/glibc-2.2.3/string/../sysdeps/generic/wordcopy.c:412
